2025-04-15 16:48:52 - Raw POST data: Array
(
    [name] => Arjun Gongley
    [email] => arjungongley1375@gmail.com
    [phone] => 9729737616
    [message] => hello
)

2025-04-15 17:11:30 - Raw POST data: Array
(
    [name] => Arjun Gongley
    [email] => arjungongley1375@gmail.com
    [phone] => 9729737616
    [message] => Hello
)

2025-04-15 17:24:30 - Raw POST data: Array
(
    [name] => Arjun Gongley
    [email] => arjungongley1375@gmail.com
    [phone] => 9729737616
    [message] => Test Message
)

2025-04-15 17:30:16 - Raw POST data: Array
(
    [name] => Arjun Gongley
    [email] => arjungongley1375@gmail.com
    [phone] => 9729737616
    [message] => Hiiii
    [g-recaptcha-response] => 03AFcWeA5Kdvun7NZYNdyLZtf6nuY5HvdKJflDuRhTkOWh19mUJ9VM3au83TZrhrAcVNadqpqGGMaEXkmB6ltVVHzOqQTwSEpDWLUsFMiB2BLb7ovjIfWNBNbHEVpdovvDa44I6h41zToFU0eLDy151iJU0o1mALbhDBR5RufjI_RprKpS2dOirz0-3i9HOGLp03RhZoTyeFIVFQPbpXtUGD27dBAbIhTTpYMHHLXUKHqt6Ci8pHjuZ5v6RASHRB1Zd46rqXh79wR1KQTXmMjPlncj68Vmsk97rpgYyy_nEdTNgaYfquDI-bMc_LsXLrKZXMasBqKJaDbffI52COWiL0HIv3XWRFbBQW6fDzvdUGBDA7b9OmCkI1toaxswaJPD0LdAe_SgpwGle8aDCi24S-KL_KMX6aOb34QcGrDA76AWU42t0HxWtVyOU1_0Q4jPif0C-rO7qr5bmvu29SmvTi8yJnNqXpfWDIBlTqmCi_6rfRL7yqYxu9uVnk1FEet-f1EM0M9m_u9uUykQhWt6iVza5Ez1hZUZ2bsxrr1PHl8vs3A8SmFcMaUp0STtmw8umhbkXJh-XFahtcxXdzbAbaNE1QynhVfvN3QVG6pBeFYFfwaaZFOHj2s0nvUpoCOjBOJnxar54uwD0y3qja-Kiv4znjS1hZ7XHV1ve9bMawCKXDMpa-3aFrlElddf0Sy8fngMbmjn5pUl0vd5Gty3aYVZ39PfJs4KVfK-MP0hbhu7izv7ip9_F8Io8NFdA63OTceTXjM-yy8x8LF-AIMigDFEgTjU39EJdCEyv6eP-dQpcZhCR_2e-IyA5P4kkzwN288xQG6caFHpVDGveWSm4QtH_1ezPwNtor7VQJk4Fw6QjRVq9NMWToRT0SR1aCVT_mf5Lfckd9HUKzHne0fB4I1OI-5pB3L6kKMCr2PkNtjpy9kMQvYykpr4bRDuG5p_PEifIaVS7h5U2nF93osJeRG79KE_MppZW2nLMLhUuCI0FqqHQDVx3ds-7ELvDTDQBXOWASXOyReFBP751pFor0EJTJu_BY_fCfMiWZ9_Z958SDYMXoIo2-C38mf3lpko1A5kJ2BmBgcq1oZdTnAHHY90336V0dn2pnBNhCYMbMntYQ9yrIENJHTwHbGN89EZOXmw6AdqWJyF1RfeVKZmyvAscd8Z8R29vLM0nRAVfmG-mN6I_U1Y4nS3sXCil1VXAeQW5OjNbJAWBIjVSQOwXOxKI_A3oIFMi_VLYPEyvDEB71nW6uxuhQ285jPotFZSKYKfyIT78_S71NTrhk6FsKcYQdQMF2867876h98lO4WOEFUk8hixgw6P_Z1VggOyqlf2-kLyHkqLyA5qM-vjBFtoGgn3niL9Fj6-WyKo-dZX2ALYhiUHqqBXwXa5zpoXgi6Rpt__eQvq2b7V881nGNbgqckrFrmCG8Z4lMGuU6ELo_ElkToN73b5XJcWknKgpF8z8bPu1I96FI5wKKKBmsa8LKvaL4Wl61SB-_cH7iehWdC-tyA4EOW4nTb8VMtMGw6GoOLVgXx9faGlCsT5SEHINfbYHS-JkhF8rI515t08syOhK-xjcwMXDWBu8bHuPDHOHfUErSixp31vWycQP9BpWSs3uwzpb75W5TqLHGZ43vgPGoz4OFwqT4TI0LPRmX6RM9wDn5Sfc76RoK9r47LPnMFQRqq7TA
)

2025-04-15 17:41:33 - Raw POST data: Array
(
    [name] => Arjun Gongley
    [email] => arjungongley1375@gmail.com
    [phone] => 9729737616
    [message] => Hello
    [g-recaptcha-response] => 03AFcWeA47JTgN8QBF5iOIfsTbjwwFXHHhAh3UthlV2-sQD9QDygdwX1iBiSw9M9GKcQLJcQyPQz_dFABuzLnF-Ozy3yNLSpYxsWPcf8N90bpkfeBvagQy_KVk_z8U-VPGy2pPiq8Rus1CKLbXSNh97b3jCaHWNQdPQ-07Fs0Wx1xBz_4l-GK2xV1FIeaWMXY8chwrjxufyxrMVkHr_pgj-mEY65Z0AGBjR3GM5vR6Ik1D_OEpcOcjhKeBKTZaN-kh5BTbgcznvXPuJ6fqmA9j8N5pJcfkM7l9WGK-kxl2K-CiGYzAjeuMFsXUpDlORdSvB_ZF7vvoglxNN7j4wOv8ZEIBGu2qe60gGYdAPDChMk1bto9bSUeaVcgbGRW-j9zhrqJfS3VsMYWEFTBsl70MdeQH9iySJ1tzpejuK4ycyXR0VuBlixiEygqtaugXRaZ1F__k1OuLs2t1CsXFWpejAfcLZXCmmR9L-3bjT4Z3_WlQ902R5aUL7dqTQApjdlbXGBbu_34fulmrdUyOsspsn7rPR6eSG3bFl5kiHO4OYk6nb51ET5kfH0bi4jjwt7ST2b5Z6K7bsE25AsIILUx-Zy03dQMrFsujQeVQmAfi3vj9souJ_tEl_DhXSl-0fH5KOqDVJrENWCurkykGYNIgtTsUC78ejjjEgAewjDwwqMkI6SgJly5_kLOn81zKQiMnguJLpJHtW9OyG-aPl_nEDyt2-Dd_PlgxzXA6mASylOOG_3avUYp7-S7e7K4qAp0lFYmYVTjJFPsUsOp__3kuKq46C7lvfoX5C_yoaxTuXU4AGzDyH4WZZiTXmP1l8UD2ADK6Ke-_yPMM0KyPnbnKLtYZydGQm8TfA4h0cCurDk7Ys2ylMHA82pTo-t1H8-xFXBIxjEofnB9IlVGS9DKWpD4nxWvUJznS3arjigdbAjmV1vhKnrg_TAXze2sTRfwm5TEALBcR9gUSAiLvJYFCUXp7GeEtVb2N0MbLl7D1f6OHOvWT44iFu8lDJOlnpYcsc5NdUqhLiDVqlKnRgE6xMBiIVSaXPiGA738PZkFpOhDtf-nYGTivqNWH9PdDd9sC5zN_HevifTqz-rgfPEB2Myx3QGzQvAOjDjdVX_QN6Rl5AwJL8hNKX_bLHJFEyRHVdt1TPmGzt5HCAHh2ny4smcaP0PJQxWROm-5otHanyvTb0bIXGAyMWaa8JNA41FkD_fFtWmA32KfZ49QyBl60oqKRhwoBEd68AvnFO-zgOAXrY_8rQK5QtTO94UbeO1EUSKYMd-HPuFqQV6xvGz3TPhcE6vu6kQ_amG74IPt3s-6MStx0KWP4NMNw3IBLg4MuHDBftr60_xqAMn5vRpGPyznTlfW4LOREm43iWDQGxzU5rPPXrshOdGrcxPRQrS6B14xGyKW23tDsJfrLjwAwZQ6Fdn0tVZqmG2bhXa-oxtyqbJq2-JR7b64DNO352mlC9CqHjNFOK-oQTiK8_pzG8_omvjbLsoAc4NDDYvxbQjoyMpKyHx5eGenpbLXo9plgDVb6tZW6oVYv76FfpYBL5Pfh63eFRCITH-37HPTudoOIWNAa3-eWKeLQ7GOnA-TSbx4NvtcdBQIH8CkcUAeHJQaLr8OcxRM8LyaRLl1Kguepy5Nd4xd4Tq798DQgOVZtCShBRlEx9UDLy74uJGHOVpRWw4tDtDaSmJ0SVzQa9n9EUyF4d-qFO56qxf_aFKmFVGfpj_xfqrNIKqVcOsqG91hoDvk5MFZE-pHaSsiW2sRKA7iqLI1bpHUzKRkSiwz433UdBrQVBDuEg8mngRHSYrVGpAZ46e1g0D_R1WMOKkae6GgDgHTcCfvJ828lessDu5oZLeUxJHM6AVMj35UfCvpR9RQNGxl6JIwu8HqhZTfD4fNvZEWwUf9e0ZQYIAn9T0MPCS9-94g2hy1gxKYEPiBwGooYLOpK1BkD03OyulAQgmRdIJNlMgR7ajiEfhFccLQF45ljp79muFeOf8wFG_shBLB2QHMcoQ0iuo1UIcS3i1KSdNh-fAv89enS3ZSMnGKcI9pgwyG97xL5wds1HRJcB5p0CbXAJcm6hXUDt4muOLxABT6seu4SpXucLhpbWlysUB-R88PLn40dbY9QhvTUiQxZ5EoviQ
)

2025-04-15 17:43:52 - Raw POST data: Array
(
    [name] => Arjun Gongley
    [email] => arjungongley1375@gmail.com
    [phone] => 9729737616
    [message] => This is A Test email
    [g-recaptcha-response] => 03AFcWeA4dayRC_RTlfTlzYl5ngZIYes5r8b1YQXJbsf3_yUCDO4ZD1eTD15bvpSED3NdO5C-R9BDmH1DBEJOLehSuZXS_rQyO6F_mpEP5zlsbSyQAMIU1IaEaKHM9uCxssH46r42cuwUQLGGuxET-C2qXsY0QJFazNrEUAQ_slUFOqB3bVWgwnF9CVn835yWXRP_aUzsTBwti8cnAXeJfjq29ULoDZMxOruYpwpzugh8D3BVPPKkRnoB5QUxk5WzQLGjDB4P6Sq3aKU1pVoj2Do_aCSnK3LP2N5hkgLJ05dtcwv3xG8ftNYkX7uBmDgfvvoX78-UIdAv8SONI0F-X47BYqdd7NJ63-XeHKYnpC1imhTQzZki4L_AOE2a_RRPHDPqCGVZa_fPhcCylpTIItPD2oq4342CHWK15FTU8lE6AYD17AOB1K5f3alIbjddmRPTCosBAySFP3oCe89amCGWfrkNTMl4B_W98pNLGKMcURsatCWNgZhCp_OKuY8vCCLsjl9Dv3pE8W6SUjeUFN0k3qEZRsYSOFZpgeG4iN-RY7bTGxsRlVYSZuj5cjB0kEu43LNF85bgrvSv77larcDfjLSJBXAoVBEhOwIy3Xf96ukOnIY-_A9AG7UEMIFamWjb5Ooq2le9TFtpu4r9Cwu4cArpzqld4rnXICTDr-7z7jZVE8XrgQSn2_zVCQMq-BiaIy86qbxQjWJEBfAHW8cBQdMqpXdTz6TF_U-arepCBQBsyq31sQdebxr8a6OY9LRmcKpR1sMmYnubQxlMhFmoj_98edTiabn_3djkID7RZYa5dAGbFTO4AvKpLYy-CzNxx7USciPCVUKI9GU9w6nEyWTm8Rs64nwZn7Y_T6egrk4nSVP3bWqiBJqxbf8_4mc4t-aVBk2_GlZIJ85NjKmU22ugkV1Vf-2QETePoKEeTE8HgN75LltuugS_J3-KpweydHs7bD5lddbxCc3RvKStn-xBtkid3wJZLj8B-WBc8TdvpVf0OaCzG7no16bxIXkmCZGfsNICpkcm6RGwGLB2N1R7XeQJeXm9O2iwH389J_IjAqFegMzLwA9-zNhgXuVjsi4MEsgPeJZe-CV6tyd5l387dw6NfQHLB3HF2IMeFlHxuIn9a5fEjIs79zhCP7lW841ShwtBT1ulbMNT3M0p7BGS2aLivwBj38RRP8EaGNfFDl1z495OGywi5F6gG_hLNg65Qpg0CxcVFKZf7hOBP8N5wTM7sGW9Ou1SG4oloyg7z30VNmWyJeSyTai9LOwfgElju4mMeaZ_lNqfNFQ_Yd1ByZgV-tEmgcxuWIyZxLRsaQDZ4kgpAlScqnTslRLGhIdQ851JA8UONWLk06pqZItmxyVkPw3bClXGYIsQjhNhUXwZR_Kdswx_1xHrqsF1uSZFe8rxj-bumf4nimnQQRQoUUe_tq7ZvUE41eiR8yzsrW-LNb4_4gxLg8tcFWJ1cybZAmZYUVopitj4zWgUDs9hqPveygk6mK3W5Cj-194DiS2HquiN1368M9ik3wykwK4WUnMFzCXnR-KsKu9KhKbdEev2JdSabKz5yXXosnUOwTcIram8tWXmnz2zcf9O664xeR2FPd8jSBrxBvxulcMCG_D9FKhJNfkay38VMmXJdgjzx2xlhSLwnz5hPLNwgXVSuINGBV0XvdnKuhuGR_WqCu10sDocwc2z_7Ku_rjMz0qgpQcbz2_ONbDWCV3LbSyictmYJiNDHICzsQ_EZT3XiWZCfxUGqwEb0C8EjWclj_0G8kJvL_PtTtEDykWdYiSwUFdUo_l5VGuExCdOQrCXF03nnxnnKe4eaXiuL4c_u_14BqSId_10KAqz6UPkobjnE2iCBP5V1Lt8C4QgVOMDRgvpqSithI7W8ux0QTU-zYGZAtNkg8NRr_ojKPbxKnOZHN-7-xiDzFp7wvnn0lw0y6Y8WHPzVjUcRIWdRPkmz4QUQ4mUw_1d3w2k9M_iOZjetioXKnnTq2xIjdv4okfSbUYK78tpEKNzj7fpn-ss3qgqpC6p6hb0UbSQtTekLZ-deDZqZFk0tERHDOGarbmHkgAURutvo29-RevPPzfmcvM8D-jHO6HbegFOABp6w0dX8x_HrD3W3TNhogS967IRoJzzG7w
)

